// Jest Snapshot v1, https://goo.gl/fbAQLP

exports[`Testing Querys receiving hello world message 1`] = `
Object {
  "data": Object {
    "message": "I am coming from the Backend to kill you! NOT",
  },
  "errors": undefined,
  "extensions": undefined,
  "http": Object {
    "headers": Headers {
      Symbol(map): Object {},
    },
  },
}
`;
